
[TestEncodeSegments - 1]
{"version":3,"file":"output.js","sources":["input.esc"],"sourcesContent":["let foo = 5;\nlet bar = 'hello';\nlet baz = true;"],"names":[],"mappings":"AAAA,IAAI,IAAM,EACV,IAAI;AAAM,QACV,IAAI,IAAM"}
---

[TestGenerateSourceMap - 1]
const foo = 5;
const bar = "hello";

---

[TestGenerateSourceMap - 2]
{"version":3,"file":"output2.js","sources":["input2.esc"],"sourcesContent":["val foo = 5\nval bar = \"hello\"\n"],"names":[],"mappings":"AAAA,YAAU;AACV,YAAU"}
---

[TestGenerateSourceMapWithFuncDecls - 1]
function add(a, b) {
  return a + b;
}
function sub(a, b) {
  return a - b;
}

---

[TestGenerateSourceMapWithFuncDecls - 2]
{"version":3,"file":"output3.js","sources":["input3.esc"],"sourcesContent":["fn add(a, b) {\n  return a + b\n}\nfn sub(a, b) { return a - b }\n"],"names":[],"mappings":"AAAA;EACE,OAAO;;AAET;EAAe,OAAO"}
---
